[2026-07-17T09:28:12.671119-06:00] amores.ERROR: mensaje: SQLSTATE[HY000] [1044] Access denied for user 'histocli_amores'@'%' to database 'histocli_amores_sandbox', archivo: C:\xampp\htdocs\amores_sandbox\Libraries\Core\Conexion.php, linea: 18, codigo: 1044 [] []
[2026-07-17T09:28:24.230181-06:00] amores.ERROR: mensaje: SQLSTATE[HY000] [1044] Access denied for user 'histocli_amores'@'%' to database 'histocli_amores_sandbox', archivo: C:\xampp\htdocs\amores_sandbox\Libraries\Core\Conexion.php, linea: 18, codigo: 1044 [] []
[2026-07-17T09:28:24.452014-06:00] amores.ERROR: mensaje: SQLSTATE[HY000] [1044] Access denied for user 'histocli_amores'@'%' to database 'histocli_amores_sandbox', archivo: C:\xampp\htdocs\amores_sandbox\Libraries\Core\Conexion.php, linea: 18, codigo: 1044 [] []
[2026-07-17T09:28:24.633369-06:00] amores.ERROR: mensaje: SQLSTATE[HY000] [1044] Access denied for user 'histocli_amores'@'%' to database 'histocli_amores_sandbox', archivo: C:\xampp\htdocs\amores_sandbox\Libraries\Core\Conexion.php, linea: 18, codigo: 1044 [] []
[2026-07-17T09:28:24.636249-06:00] amores.ERROR: mensaje: Call to a member function prepare() on null, archivo: C:\xampp\htdocs\amores_sandbox\Libraries\Core\Mysql.php, linea: 88, codigo: 0 [] []
[2026-07-17T09:28:28.307200-06:00] amores.ERROR: mensaje: SQLSTATE[HY000] [1044] Access denied for user 'histocli_amores'@'%' to database 'histocli_amores_sandbox', archivo: C:\xampp\htdocs\amores_sandbox\Libraries\Core\Conexion.php, linea: 18, codigo: 1044 [] []
[2026-07-17T09:28:28.467770-06:00] amores.ERROR: mensaje: SQLSTATE[HY000] [1044] Access denied for user 'histocli_amores'@'%' to database 'histocli_amores_sandbox', archivo: C:\xampp\htdocs\amores_sandbox\Libraries\Core\Conexion.php, linea: 18, codigo: 1044 [] []
[2026-07-17T09:28:28.673465-06:00] amores.ERROR: mensaje: SQLSTATE[HY000] [1044] Access denied for user 'histocli_amores'@'%' to database 'histocli_amores_sandbox', archivo: C:\xampp\htdocs\amores_sandbox\Libraries\Core\Conexion.php, linea: 18, codigo: 1044 [] []
[2026-07-17T09:28:28.674295-06:00] amores.ERROR: mensaje: Call to a member function prepare() on null, archivo: C:\xampp\htdocs\amores_sandbox\Libraries\Core\Mysql.php, linea: 88, codigo: 0 [] []
[2026-07-17T09:29:06.000412-06:00] amores.ERROR: mensaje: SQLSTATE[HY000] [1044] Access denied for user 'histocli_amores'@'%' to database 'histocli_amores_sandbox', archivo: C:\xampp\htdocs\amores_sandbox\Libraries\Core\Conexion.php, linea: 18, codigo: 1044 [] []
[2026-07-17T09:29:06.274549-06:00] amores.ERROR: mensaje: SQLSTATE[HY000] [1044] Access denied for user 'histocli_amores'@'%' to database 'histocli_amores_sandbox', archivo: C:\xampp\htdocs\amores_sandbox\Libraries\Core\Conexion.php, linea: 18, codigo: 1044 [] []
[2026-07-17T09:29:06.651580-06:00] amores.ERROR: mensaje: SQLSTATE[HY000] [1044] Access denied for user 'histocli_amores'@'%' to database 'histocli_amores_sandbox', archivo: C:\xampp\htdocs\amores_sandbox\Libraries\Core\Conexion.php, linea: 18, codigo: 1044 [] []
[2026-07-17T09:29:06.653097-06:00] amores.ERROR: mensaje: Call to a member function prepare() on null, archivo: C:\xampp\htdocs\amores_sandbox\Libraries\Core\Mysql.php, linea: 88, codigo: 0 [] []
[2026-07-17T09:30:32.048810-06:00] amores.ERROR: mensaje: SQLSTATE[HY000] [1044] Access denied for user 'histocli_amores'@'%' to database 'histocli_amores_sandbox', archivo: C:\xampp\htdocs\amores_sandbox\Libraries\Core\Conexion.php, linea: 18, codigo: 1044 [] []
[2026-07-17T09:30:32.409596-06:00] amores.ERROR: mensaje: SQLSTATE[HY000] [1044] Access denied for user 'histocli_amores'@'%' to database 'histocli_amores_sandbox', archivo: C:\xampp\htdocs\amores_sandbox\Libraries\Core\Conexion.php, linea: 18, codigo: 1044 [] []
[2026-07-17T09:30:32.707124-06:00] amores.ERROR: mensaje: SQLSTATE[HY000] [1044] Access denied for user 'histocli_amores'@'%' to database 'histocli_amores_sandbox', archivo: C:\xampp\htdocs\amores_sandbox\Libraries\Core\Conexion.php, linea: 18, codigo: 1044 [] []
[2026-07-17T09:30:32.707724-06:00] amores.ERROR: mensaje: Call to a member function prepare() on null, archivo: C:\xampp\htdocs\amores_sandbox\Libraries\Core\Mysql.php, linea: 88, codigo: 0 [] []
[2026-07-17T09:37:59.145479-06:00] amores.ERROR: mensaje: SQLSTATE[HY000] [1044] Access denied for user 'histocli_amores'@'%' to database 'histocli_amores_sandbox', archivo: C:\xampp\htdocs\amores_sandbox\Libraries\Core\Conexion.php, linea: 18, codigo: 1044 [] []
[2026-07-17T09:37:59.403762-06:00] amores.ERROR: mensaje: SQLSTATE[HY000] [1044] Access denied for user 'histocli_amores'@'%' to database 'histocli_amores_sandbox', archivo: C:\xampp\htdocs\amores_sandbox\Libraries\Core\Conexion.php, linea: 18, codigo: 1044 [] []
[2026-07-17T09:38:07.542855-06:00] amores.ERROR: mensaje: SQLSTATE[HY000] [1044] Access denied for user 'histocli_amores'@'%' to database 'histocli_amores_sandbox', archivo: C:\xampp\htdocs\amores_sandbox\Libraries\Core\Conexion.php, linea: 18, codigo: 1044 [] []
[2026-07-17T09:38:07.943775-06:00] amores.ERROR: mensaje: SQLSTATE[HY000] [1044] Access denied for user 'histocli_amores'@'%' to database 'histocli_amores_sandbox', archivo: C:\xampp\htdocs\amores_sandbox\Libraries\Core\Conexion.php, linea: 18, codigo: 1044 [] []
[2026-07-17T09:38:08.300668-06:00] amores.ERROR: mensaje: SQLSTATE[HY000] [1044] Access denied for user 'histocli_amores'@'%' to database 'histocli_amores_sandbox', archivo: C:\xampp\htdocs\amores_sandbox\Libraries\Core\Conexion.php, linea: 18, codigo: 1044 [] []
[2026-07-17T09:38:08.301467-06:00] amores.ERROR: mensaje: Call to a member function prepare() on null, archivo: C:\xampp\htdocs\amores_sandbox\Libraries\Core\Mysql.php, linea: 88, codigo: 0 [] []
[2026-07-17T09:38:39.133882-06:00] amores.ERROR: mensaje: SQLSTATE[HY000] [1044] Access denied for user 'histocli_amores'@'%' to database 'histocli_amores_sandbox', archivo: C:\xampp\htdocs\amores_sandbox\Libraries\Core\Conexion.php, linea: 18, codigo: 1044 [] []
[2026-07-17T09:38:52.169693-06:00] amores.ERROR: mensaje: SQLSTATE[HY000] [1044] Access denied for user 'histocli_amores'@'%' to database 'histocli_amores_sandbox', archivo: C:\xampp\htdocs\amores_sandbox\Libraries\Core\Conexion.php, linea: 18, codigo: 1044 [] []
[2026-07-17T09:38:54.729693-06:00] amores.ERROR: mensaje: SQLSTATE[HY000] [1044] Access denied for user 'histocli_amores'@'%' to database 'histocli_amores_sandbox', archivo: C:\xampp\htdocs\amores_sandbox\Libraries\Core\Conexion.php, linea: 18, codigo: 1044 [] []
[2026-07-17T09:38:55.083852-06:00] amores.ERROR: mensaje: Call to a member function prepare() on null, archivo: C:\xampp\htdocs\amores_sandbox\Libraries\Core\Mysql.php, linea: 88, codigo: 0 [] []
[2026-07-17T09:39:09.912853-06:00] amores.ERROR: mensaje: SQLSTATE[HY000] [1044] Access denied for user 'histocli_amores'@'%' to database 'histocli_amores_sandbox', archivo: C:\xampp\htdocs\amores_sandbox\Libraries\Core\Conexion.php, linea: 18, codigo: 1044 [] []
[2026-07-17T09:39:28.544431-06:00] amores.ERROR: mensaje: SQLSTATE[HY000] [1044] Access denied for user 'histocli_amores'@'%' to database 'histocli_amores_sandbox', archivo: C:\xampp\htdocs\amores_sandbox\Libraries\Core\Conexion.php, linea: 18, codigo: 1044 [] []
[2026-07-17T09:39:33.418026-06:00] amores.ERROR: mensaje: SQLSTATE[HY000] [1044] Access denied for user 'histocli_amores'@'%' to database 'histocli_amores_sandbox', archivo: C:\xampp\htdocs\amores_sandbox\Libraries\Core\Conexion.php, linea: 18, codigo: 1044 [] []
[2026-07-17T09:43:07.411897-06:00] amores.ERROR: mensaje: Call to a member function prepare() on null, archivo: C:\xampp\htdocs\amores_sandbox\Libraries\Core\Mysql.php, linea: 88, codigo: 0 [] []
[2026-07-17T09:45:36.979160-06:00] amores.ERROR: mensaje: SQLSTATE[42000]: Syntax error or access violation: 1104 The SELECT would examine more than MAX_JOIN_SIZE rows; check your WHERE and use SET SQL_BIG_SELECTS=1 or SET MAX_JOIN_SIZE=# if the SELECT is okay, archivo: C:\xampp\htdocs\amores_sandbox\Libraries\Core\Mysql.php, linea: 213, codigo: 42000 [] []
[2026-07-17T09:47:20.223623-06:00] amores.ERROR: mensaje: SQLSTATE[42000]: Syntax error or access violation: 1104 The SELECT would examine more than MAX_JOIN_SIZE rows; check your WHERE and use SET SQL_BIG_SELECTS=1 or SET MAX_JOIN_SIZE=# if the SELECT is okay, archivo: C:\xampp\htdocs\amores_sandbox\Libraries\Core\Mysql.php, linea: 213, codigo: 42000 [] []
[2026-07-17T09:53:23.257397-06:00] amores.ERROR: mensaje: SQLSTATE[42000]: Syntax error or access violation: 1104 The SELECT would examine more than MAX_JOIN_SIZE rows; check your WHERE and use SET SQL_BIG_SELECTS=1 or SET MAX_JOIN_SIZE=# if the SELECT is okay, archivo: C:\xampp\htdocs\amores_sandbox\Libraries\Core\Mysql.php, linea: 213, codigo: 42000 [] []
[2026-07-17T10:03:16.184917-06:00] amores.ERROR: mensaje: UsuariosModel::selectUsuario(): Argument #1 ($usuario_id) must be of type int, null given, called in C:\xampp\htdocs\amores_sandbox\Helpers\Helpers.php on line 835, archivo: C:\xampp\htdocs\amores_sandbox\Models\UsuariosModel.php, linea: 158, codigo: 0 [] []
[2026-07-17T10:03:17.194236-06:00] amores.ERROR: mensaje: UsuariosModel::selectUsuario(): Argument #1 ($usuario_id) must be of type int, null given, called in C:\xampp\htdocs\amores_sandbox\Helpers\Helpers.php on line 835, archivo: C:\xampp\htdocs\amores_sandbox\Models\UsuariosModel.php, linea: 158, codigo: 0 [] []
[2026-07-17T10:08:00.608794-06:00] amores.ERROR: mensaje: UsuariosModel::selectUsuario(): Argument #1 ($usuario_id) must be of type int, null given, called in C:\xampp\htdocs\amores_sandbox\Helpers\Helpers.php on line 835, archivo: C:\xampp\htdocs\amores_sandbox\Models\UsuariosModel.php, linea: 158, codigo: 0 [] []
[2026-07-17T10:08:01.452997-06:00] amores.ERROR: mensaje: UsuariosModel::selectUsuario(): Argument #1 ($usuario_id) must be of type int, null given, called in C:\xampp\htdocs\amores_sandbox\Helpers\Helpers.php on line 835, archivo: C:\xampp\htdocs\amores_sandbox\Models\UsuariosModel.php, linea: 158, codigo: 0 [] []
[2026-07-17T10:12:28.148759-06:00] amores.ERROR: mensaje: SQLSTATE[HY000] [2002] No se puede establecer una conexión ya que el equipo de destino denegó expresamente dicha conexión, archivo: C:\xampp\htdocs\amores_sandbox\Libraries\Core\Conexion.php, linea: 20, codigo: 2002 [] []
[2026-07-17T10:12:28.150278-06:00] amores.ERROR: mensaje: Call to a member function prepare() on null, archivo: C:\xampp\htdocs\amores_sandbox\Libraries\Core\Mysql.php, linea: 211, codigo: 0 [] []
[2026-07-17T10:13:00.200434-06:00] amores.ERROR: mensaje: SQLSTATE[HY000] [2002] No se puede establecer una conexión ya que el equipo de destino denegó expresamente dicha conexión, archivo: C:\xampp\htdocs\amores_sandbox\Libraries\Core\Conexion.php, linea: 20, codigo: 2002 [] []
[2026-07-17T10:13:00.202279-06:00] amores.ERROR: mensaje: Call to a member function prepare() on null, archivo: C:\xampp\htdocs\amores_sandbox\Libraries\Core\Mysql.php, linea: 211, codigo: 0 [] []
[2026-07-17T10:13:16.642182-06:00] amores.ERROR: mensaje: SQLSTATE[HY000] [2002] No se puede establecer una conexión ya que el equipo de destino denegó expresamente dicha conexión, archivo: C:\xampp\htdocs\amores_sandbox\Libraries\Core\Conexion.php, linea: 20, codigo: 2002 [] []
[2026-07-17T11:05:37.123938-06:00] amores.ERROR: mensaje: Failed opening required 'Template/Modals/modalAlertas.php' (include_path='C:\xampp\php\PEAR'), archivo: C:\xampp\htdocs\amores_sandbox\Views\Errors\error.php, linea: 82, codigo: 0 [] []
[2026-07-17T11:05:37.559767-06:00] amores.ERROR: mensaje: Failed opening required 'Template/Modals/modalAlertas.php' (include_path='C:\xampp\php\PEAR'), archivo: C:\xampp\htdocs\amores_sandbox\Views\Errors\error.php, linea: 82, codigo: 0 [] []
[2026-07-17T11:05:37.563643-06:00] amores.ERROR: mensaje: Failed opening required 'Template/Modals/modalAlertas.php' (include_path='C:\xampp\php\PEAR'), archivo: C:\xampp\htdocs\amores_sandbox\Views\Errors\error.php, linea: 82, codigo: 0 [] []
[2026-07-17T11:15:46.591791-06:00] amores.ERROR: mensaje: Failed opening required 'Template/Modals/modalAlertas.php' (include_path='C:\xampp\php\PEAR'), archivo: C:\xampp\htdocs\amores_sandbox\Views\Errors\error.php, linea: 82, codigo: 0 [] []
[2026-07-17T11:15:47.613274-06:00] amores.ERROR: mensaje: UsuariosModel::selectUsuario(): Argument #1 ($usuario_id) must be of type int, null given, called in C:\xampp\htdocs\amores_sandbox\Helpers\Helpers.php on line 835, archivo: C:\xampp\htdocs\amores_sandbox\Models\UsuariosModel.php, linea: 158, codigo: 0 [] []
[2026-07-17T11:17:13.872491-06:00] amores.ERROR: mensaje: Failed opening required 'Template/Modals/modalAlertas.php' (include_path='C:\xampp\php\PEAR'), archivo: C:\xampp\htdocs\amores_sandbox\Views\Errors\error.php, linea: 82, codigo: 0 [] []
[2026-07-17T11:18:13.838986-06:00] amores.ERROR: mensaje: Failed opening required 'Template/Modals/modalAlertas.php' (include_path='C:\xampp\php\PEAR'), archivo: C:\xampp\htdocs\amores_sandbox\Views\Errors\error.php, linea: 82, codigo: 0 [] []
[2026-07-17T11:23:30.219782-06:00] amores.ERROR: mensaje: SQLSTATE[HY000] [2002] No se puede establecer una conexión ya que el equipo de destino denegó expresamente dicha conexión, archivo: C:\xampp\htdocs\amores_sandbox\Libraries\Core\Conexion.php, linea: 20, codigo: 2002 [] []
[2026-07-17T11:24:00.023807-06:00] amores.ERROR: mensaje: SQLSTATE[HY000] [2002] No se puede establecer una conexión ya que el equipo de destino denegó expresamente dicha conexión, archivo: C:\xampp\htdocs\amores_sandbox\Libraries\Core\Conexion.php, linea: 20, codigo: 2002 [] []
[2026-07-17T11:24:00.026958-06:00] amores.ERROR: mensaje: Call to a member function prepare() on null, archivo: C:\xampp\htdocs\amores_sandbox\Libraries\Core\Mysql.php, linea: 211, codigo: 0 [] []
[2026-07-17T11:25:09.931098-06:00] amores.ERROR: mensaje: SQLSTATE[HY000] [2002] No se puede establecer una conexión ya que el equipo de destino denegó expresamente dicha conexión, archivo: C:\xampp\htdocs\amores_sandbox\Libraries\Core\Conexion.php, linea: 20, codigo: 2002 [] []
[2026-07-17T11:25:09.932554-06:00] amores.ERROR: mensaje: Call to a member function prepare() on null, archivo: C:\xampp\htdocs\amores_sandbox\Libraries\Core\Mysql.php, linea: 211, codigo: 0 [] []
[2026-07-17T11:35:48.886987-06:00] amores.ERROR: mensaje: SQLSTATE[42S22]: Column not found: 1054 Unknown column 'email' in 'SELECT', archivo: C:\xampp\htdocs\amores_sandbox\Libraries\Core\Mysql.php, linea: 212, codigo: 42S22 [] []
[2026-07-17T11:35:58.247697-06:00] amores.ERROR: mensaje: UsuariosModel::selectUsuario(): Argument #2 ($unidad_medica_id) must be of type int, null given, called in C:\xampp\htdocs\amores_sandbox\Helpers\Helpers.php on line 840, archivo: C:\xampp\htdocs\amores_sandbox\Models\UsuariosModel.php, linea: 158, codigo: 0 [] []
[2026-07-17T11:35:58.249039-06:00] amores.WARNING: Acceso restringido. [] []
[2026-07-17T11:36:09.928687-06:00] amores.ERROR: mensaje: SQLSTATE[42S22]: Column not found: 1054 Unknown column 'rol_id' in 'SELECT', archivo: C:\xampp\htdocs\amores_sandbox\Libraries\Core\Mysql.php, linea: 212, codigo: 42S22 [] []
[2026-07-17T11:36:17.779401-06:00] amores.ERROR: mensaje: SQLSTATE[42S22]: Column not found: 1054 Unknown column 'rol_id' in 'SELECT', archivo: C:\xampp\htdocs\amores_sandbox\Libraries\Core\Mysql.php, linea: 212, codigo: 42S22 [] []
[2026-07-17T11:36:24.664799-06:00] amores.ERROR: mensaje: SQLSTATE[42S22]: Column not found: 1054 Unknown column 'rol_id' in 'SELECT', archivo: C:\xampp\htdocs\amores_sandbox\Libraries\Core\Mysql.php, linea: 212, codigo: 42S22 [] []
[2026-07-17T11:37:14.614269-06:00] amores.ERROR: Mailer Error: You must provide at least one recipient email address. [] []
[2026-07-17T11:37:14.615627-06:00] amores.WARNING: Error al enviar el correo electrónico, intente nuevamente. [] []
[2026-07-17T11:37:34.152899-06:00] amores.ERROR: Mailer Error: You must provide at least one recipient email address. [] []
[2026-07-17T11:37:34.154235-06:00] amores.WARNING: Error al enviar el correo electrónico, intente nuevamente. [] []
[2026-07-17T12:47:02.620901-06:00] amores.WARNING: El tamaño de la solicitud o del archivo adjunto supera el límite permitido por el servidor. [] []
[2026-07-17T12:47:49.163717-06:00] amores.WARNING: El tamaño de la solicitud o del archivo adjunto supera el límite permitido por el servidor. [] []
[2026-07-17T12:52:07.490729-06:00] amores.WARNING: El tamaño de la solicitud o del archivo adjunto supera el límite permitido por el servidor. [] []
[2026-07-17T12:52:33.166527-06:00] amores.WARNING: El tamaño de la solicitud o del archivo adjunto supera el límite permitido por el servidor. [] []
[2026-07-17T12:52:46.433550-06:00] amores.WARNING: El tamaño de la solicitud o del archivo adjunto supera el límite permitido por el servidor. [] []
[2026-07-17T12:52:54.918507-06:00] amores.WARNING: El tamaño de la solicitud o del archivo adjunto supera el límite permitido por el servidor. [] []
[2026-07-17T12:53:06.109361-06:00] amores.WARNING: El tamaño de la solicitud o del archivo adjunto supera el límite permitido por el servidor. [] []
[2026-07-17T13:03:21.536682-06:00] amores.WARNING: Error al generar el Archivo de Cierre de Mes, para el Portal de Residentes. <br/> Intente nuevamente [] []
[2026-07-17T13:04:02.099729-06:00] amores.WARNING: Error al generar el Archivo de Cierre de Mes, para el Portal de Residentes. <br/> Intente nuevamente [] []
[2026-07-17T13:10:56.839478-06:00] amores.ERROR: mensaje: SQLSTATE[42S02]: Base table or view not found: 1146 Table 'histocli_amores_sandbox.configuracion' doesn't exist, archivo: C:\xampp\htdocs\amores_sandbox\Libraries\Core\Mysql.php, linea: 88, codigo: 42S02 [] []
[2026-07-17T13:10:56.842026-06:00] amores.WARNING: Lo sentimos, Datos no encontrados [] []
[2026-07-17T13:14:58.178757-06:00] amores.ERROR: mensaje: SQLSTATE[42S02]: Base table or view not found: 1146 Table 'histocli_amores_sandbox.configuracion' doesn't exist, archivo: C:\xampp\htdocs\amores_sandbox\Libraries\Core\Mysql.php, linea: 88, codigo: 42S02 [] []
[2026-07-17T13:14:58.181981-06:00] amores.WARNING: Lo sentimos, Datos no encontrados [] []
[2026-07-17T13:34:54.205279-06:00] amores.ERROR: 110580 [] []
